ARM Linker, 5.03 [Build 76] [MDK-ARM Standard]

==============================================================================

Section Cross References

    system_lpc17xx.o(.text) refers to system_lpc17xx.o(.data) for SystemFrequency
    startup_lpc17xx.o(STACK) refers (Special) to heapauxi.o(.text) for __use_two_region_memory
    startup_lpc17xx.o(HEAP) refers (Special) to heapauxi.o(.text) for __use_two_region_memory
    startup_lpc17xx.o(RESET) refers (Special) to heapauxi.o(.text) for __use_two_region_memory
    startup_lpc17xx.o(RESET) refers to startup_lpc17xx.o(STACK) for __initial_sp
    startup_lpc17xx.o(RESET) refers to startup_lpc17xx.o(.text) for Reset_Handler
    startup_lpc17xx.o(RESET) refers to uart.o(.text) for UART0_IRQHandler
    startup_lpc17xx.o(RESET) refers to i2c.o(.text) for I2C0_IRQHandler
    startup_lpc17xx.o(RESET) refers to lcd_touch.o(.text) for EINT3_IRQHandler
    startup_lpc17xx.o(.ARM.__at_0x02FC) refers (Special) to heapauxi.o(.text) for __use_two_region_memory
    startup_lpc17xx.o(.text) refers (Special) to heapauxi.o(.text) for __use_two_region_memory
    startup_lpc17xx.o(.text) refers to __main.o(!!!main) for __main
    startup_lpc17xx.o(.text) refers to startup_lpc17xx.o(HEAP) for Heap_Mem
    startup_lpc17xx.o(.text) refers to startup_lpc17xx.o(STACK) for Stack_Mem
    main.o(.text) refers to lcd.o(.text) for LCD_Color
    main.o(.text) refers to system_lpc17xx.o(.text) for SystemInit
    main.o(.text) refers to uart.o(.text) for UART0_Init
    main.o(.text) refers to lcd_touch.o(.text) for Touch_Init
    main.o(.text) refers to main.o(.data) for tccolor
    main.o(.text) refers to uart.o(.data) for len
    main.o(.text) refers to uart.o(.bss) for data
    main.o(.text) refers to lcd.o(.data) for pencolor
    main.o(.text) refers to lcd_touch.o(.bss) for Pen_Point
    lcd.o(.text) refers to lcd.o(.emb_text) for wait
    lcd.o(.text) refers to lcd.o(.data) for DeviceCode
    lcd.o(.text) refers to lcd.o(.constdata) for Font_24x16
    lcd.o(.text) refers to dflt_clz.o(x$fpl$dflt) for __aeabi_i2d
    lcd.o(.text) refers to dflt_clz.o(x$fpl$dfltu) for __aeabi_ui2d
    lcd.o(.text) refers to daddsub_clz.o(x$fpl$drsb) for __aeabi_drsub
    lcd.o(.text) refers to dmul.o(x$fpl$dmul) for __aeabi_dmul
    lcd.o(.text) refers to daddsub_clz.o(x$fpl$dadd) for __aeabi_dadd
    lcd.o(.text) refers to dleqf.o(x$fpl$dleqf) for __aeabi_cdcmple
    lcd.o(.text) refers to daddsub_clz.o(x$fpl$dsub) for __aeabi_dsub
    lcd.o(.text) refers to main.o(.data) for tccolor
    lcd_touch.o(.text) refers to fmul.o(x$fpl$fmul) for __aeabi_fmul
    lcd_touch.o(.text) refers to ffix.o(x$fpl$ffix) for __aeabi_f2iz
    lcd_touch.o(.text) refers to i2c.o(.text) for I2C_WriteNByte
    lcd_touch.o(.text) refers to fflt_clz.o(x$fpl$fflt) for __aeabi_i2f
    lcd_touch.o(.text) refers to fdiv.o(x$fpl$fdiv) for __aeabi_fdiv
    lcd_touch.o(.text) refers to lcd_touch.o(.bss) for Pen_Point
    lcd_touch.o(.text) refers to lcd.o(.text) for LCD_DrawLine
    lcd_touch.o(.text) refers to fflt_clz.o(x$fpl$ffltu) for __aeabi_ui2f
    lcd_touch.o(.text) refers to faddsub_clz.o(x$fpl$fadd) for __aeabi_fadd
    lcd_touch.o(.text) refers to ffixu.o(x$fpl$ffixu) for __aeabi_f2uiz
    lcd_touch.o(.text) refers to dflt_clz.o(x$fpl$dfltu) for __aeabi_ui2d
    lcd_touch.o(.text) refers to sqrt.o(i.sqrt) for sqrt
    lcd_touch.o(.text) refers to dfixu.o(x$fpl$dfixu) for __aeabi_d2uiz
    lcd_touch.o(.text) refers to f2d.o(x$fpl$f2d) for __aeabi_f2d
    lcd_touch.o(.text) refers to dleqf.o(x$fpl$dleqf) for __aeabi_cdcmple
    lcd_touch.o(.text) refers to drleqf.o(x$fpl$drleqf) for __aeabi_cdrcmple
    lcd_touch.o(.text) refers to lcd.o(.data) for POINT_COLOR
    lcd_touch.o(.text) refers to faddsub_clz.o(x$fpl$frsb) for __aeabi_frsub
    i2c.o(.text) refers to i2c.o(.data) for I2C_suba_en
    uart.o(.text) refers to uart.o(.data) for len
    uart.o(.text) refers to uart.o(.bss) for data
    __main.o(!!!main) refers to rtentry.o(.ARM.Collect$$rtentry$$00000000) for __rt_entry
    daddsub_clz.o(x$fpl$dadd) refers (Special) to usenofp.o(x$fpl$usenofp) for __I$use$fp
    daddsub_clz.o(x$fpl$dadd) refers to daddsub_clz.o(x$fpl$dsub) for _dsub1
    daddsub_clz.o(x$fpl$dadd) refers to dretinf.o(x$fpl$dretinf) for __fpl_dretinf
    daddsub_clz.o(x$fpl$dadd) refers to dnaninf.o(x$fpl$dnaninf) for __fpl_dnaninf
    daddsub_clz.o(x$fpl$drsb) refers (Special) to usenofp.o(x$fpl$usenofp) for __I$use$fp
    daddsub_clz.o(x$fpl$drsb) refers to daddsub_clz.o(x$fpl$dadd) for _dadd1
    daddsub_clz.o(x$fpl$drsb) refers to daddsub_clz.o(x$fpl$dsub) for _dsub1
    daddsub_clz.o(x$fpl$dsub) refers (Special) to usenofp.o(x$fpl$usenofp) for __I$use$fp
    daddsub_clz.o(x$fpl$dsub) refers to daddsub_clz.o(x$fpl$dadd) for _dadd1
    daddsub_clz.o(x$fpl$dsub) refers to dnaninf.o(x$fpl$dnaninf) for __fpl_dnaninf
    dfixu.o(x$fpl$dfixu) refers (Special) to usenofp.o(x$fpl$usenofp) for __I$use$fp
    dfixu.o(x$fpl$dfixu) refers to dnaninf.o(x$fpl$dnaninf) for __fpl_dnaninf
    dfixu.o(x$fpl$dfixur) refers (Special) to usenofp.o(x$fpl$usenofp) for __I$use$fp
    dfixu.o(x$fpl$dfixur) refers to dnaninf.o(x$fpl$dnaninf) for __fpl_dnaninf
    dflt_clz.o(x$fpl$dfltu) refers (Special) to usenofp.o(x$fpl$usenofp) for __I$use$fp
    dflt_clz.o(x$fpl$dflt) refers (Special) to usenofp.o(x$fpl$usenofp) for __I$use$fp
    dflt_clz.o(x$fpl$dfltn) refers (Special) to usenofp.o(x$fpl$usenofp) for __I$use$fp
    dleqf.o(x$fpl$dleqf) refers (Special) to usenofp.o(x$fpl$usenofp) for __I$use$fp
    dleqf.o(x$fpl$dleqf) refers to dnaninf.o(x$fpl$dnaninf) for __fpl_dnaninf
    dleqf.o(x$fpl$dleqf) refers to dcmpi.o(x$fpl$dcmpinf) for __fpl_dcmp_Inf
    dmul.o(x$fpl$dmul) refers (Special) to usenofp.o(x$fpl$usenofp) for __I$use$fp
    dmul.o(x$fpl$dmul) refers to dretinf.o(x$fpl$dretinf) for __fpl_dretinf
    dmul.o(x$fpl$dmul) refers to dnaninf.o(x$fpl$dnaninf) for __fpl_dnaninf
    drleqf.o(x$fpl$drleqf) refers (Special) to usenofp.o(x$fpl$usenofp) for __I$use$fp
    drleqf.o(x$fpl$drleqf) refers to dleqf.o(x$fpl$dleqf) for __fpl_dcmple_InfNaN
    f2d.o(x$fpl$f2d) refers (Special) to usenofp.o(x$fpl$usenofp) for __I$use$fp
    f2d.o(x$fpl$f2d) refers to fnaninf.o(x$fpl$fnaninf) for __fpl_fnaninf
    f2d.o(x$fpl$f2d) refers to dretinf.o(x$fpl$dretinf) for __fpl_dretinf
    faddsub_clz.o(x$fpl$fadd) refers (Special) to usenofp.o(x$fpl$usenofp) for __I$use$fp
    faddsub_clz.o(x$fpl$fadd) refers to faddsub_clz.o(x$fpl$fsub) for _fsub1
    faddsub_clz.o(x$fpl$fadd) refers to fretinf.o(x$fpl$fretinf) for __fpl_fretinf
    faddsub_clz.o(x$fpl$fadd) refers to fnaninf.o(x$fpl$fnaninf) for __fpl_fnaninf
    faddsub_clz.o(x$fpl$frsb) refers (Special) to usenofp.o(x$fpl$usenofp) for __I$use$fp
    faddsub_clz.o(x$fpl$frsb) refers to faddsub_clz.o(x$fpl$fadd) for _fadd1
    faddsub_clz.o(x$fpl$frsb) refers to faddsub_clz.o(x$fpl$fsub) for _fsub1
    faddsub_clz.o(x$fpl$fsub) refers (Special) to usenofp.o(x$fpl$usenofp) for __I$use$fp
    faddsub_clz.o(x$fpl$fsub) refers to faddsub_clz.o(x$fpl$fadd) for _fadd1
    faddsub_clz.o(x$fpl$fsub) refers to fnaninf.o(x$fpl$fnaninf) for __fpl_fnaninf
    fdiv.o(x$fpl$frdiv) refers (Special) to usenofp.o(x$fpl$usenofp) for __I$use$fp
    fdiv.o(x$fpl$frdiv) refers to fdiv.o(x$fpl$fdiv) for _fdiv1
    fdiv.o(x$fpl$fdiv) refers (Special) to usenofp.o(x$fpl$usenofp) for __I$use$fp
    fdiv.o(x$fpl$fdiv) refers to fretinf.o(x$fpl$fretinf) for __fpl_fretinf
    fdiv.o(x$fpl$fdiv) refers to fnaninf.o(x$fpl$fnaninf) for __fpl_fnaninf
    ffix.o(x$fpl$ffix) refers (Special) to usenofp.o(x$fpl$usenofp) for __I$use$fp
    ffix.o(x$fpl$ffix) refers to fnaninf.o(x$fpl$fnaninf) for __fpl_fnaninf
    ffix.o(x$fpl$ffixr) refers (Special) to usenofp.o(x$fpl$usenofp) for __I$use$fp
    ffix.o(x$fpl$ffixr) refers to fnaninf.o(x$fpl$fnaninf) for __fpl_fnaninf
    ffixu.o(x$fpl$ffixu) refers (Special) to usenofp.o(x$fpl$usenofp) for __I$use$fp
    ffixu.o(x$fpl$ffixu) refers to fnaninf.o(x$fpl$fnaninf) for __fpl_fnaninf
    ffixu.o(x$fpl$ffixur) refers (Special) to usenofp.o(x$fpl$usenofp) for __I$use$fp
    ffixu.o(x$fpl$ffixur) refers to fnaninf.o(x$fpl$fnaninf) for __fpl_fnaninf
    fflt_clz.o(x$fpl$ffltu) refers (Special) to usenofp.o(x$fpl$usenofp) for __I$use$fp
    fflt_clz.o(x$fpl$fflt) refers (Special) to usenofp.o(x$fpl$usenofp) for __I$use$fp
    fflt_clz.o(x$fpl$ffltn) refers (Special) to usenofp.o(x$fpl$usenofp) for __I$use$fp
    fmul.o(x$fpl$fmul) refers (Special) to usenofp.o(x$fpl$usenofp) for __I$use$fp
    fmul.o(x$fpl$fmul) refers to fretinf.o(x$fpl$fretinf) for __fpl_fretinf
    fmul.o(x$fpl$fmul) refers to fnaninf.o(x$fpl$fnaninf) for __fpl_fnaninf
    sqrt.o(i.__softfp_sqrt) refers (Special) to usenofp.o(x$fpl$usenofp) for __I$use$fp
    sqrt.o(i.__softfp_sqrt) refers to dsqrt_noumaal.o(x$fpl$dsqrt) for _dsqrt
    sqrt.o(i.__softfp_sqrt) refers to _rserrno.o(.text) for __set_errno
    sqrt.o(i.sqrt) refers (Special) to usenofp.o(x$fpl$usenofp) for __I$use$fp
    sqrt.o(i.sqrt) refers to dsqrt_noumaal.o(x$fpl$dsqrt) for _dsqrt
    sqrt.o(i.sqrt) refers to _rserrno.o(.text) for __set_errno
    sqrt_x.o(i.____softfp_sqrt$lsc) refers (Special) to usenofp.o(x$fpl$usenofp) for __I$use$fp
    sqrt_x.o(i.____softfp_sqrt$lsc) refers to dleqf.o(x$fpl$dleqf) for __aeabi_cdcmple
    sqrt_x.o(i.____softfp_sqrt$lsc) refers to _rserrno.o(.text) for __set_errno
    sqrt_x.o(i.____softfp_sqrt$lsc) refers to dsqrt_noumaal.o(x$fpl$dsqrt) for _dsqrt
    sqrt_x.o(i.__sqrt$lsc) refers (Special) to usenofp.o(x$fpl$usenofp) for __I$use$fp
    sqrt_x.o(i.__sqrt$lsc) refers to dleqf.o(x$fpl$dleqf) for __aeabi_cdcmple
    sqrt_x.o(i.__sqrt$lsc) refers to _rserrno.o(.text) for __set_errno
    sqrt_x.o(i.__sqrt$lsc) refers to dsqrt_noumaal.o(x$fpl$dsqrt) for _dsqrt
    rtentry.o(.ARM.Collect$$rtentry$$00000000) refers (Special) to rtentry2.o(.ARM.Collect$$rtentry$$0000000A) for __rt_entry_li
    rtentry.o(.ARM.Collect$$rtentry$$00000000) refers (Special) to rtentry2.o(.ARM.Collect$$rtentry$$0000000D) for __rt_entry_main
    rtentry.o(.ARM.Collect$$rtentry$$00000000) refers (Special) to rtentry2.o(.ARM.Collect$$rtentry$$0000000C) for __rt_entry_postli_1
    rtentry.o(.ARM.Collect$$rtentry$$00000000) refers (Special) to rtentry2.o(.ARM.Collect$$rtentry$$00000009) for __rt_entry_postsh_1
    rtentry.o(.ARM.Collect$$rtentry$$00000000) refers (Special) to rtentry2.o(.ARM.Collect$$rtentry$$00000002) for __rt_entry_presh_1
    rtentry.o(.ARM.Collect$$rtentry$$00000000) refers (Special) to rtentry4.o(.ARM.Collect$$rtentry$$00000004) for __rt_entry_sh
    _rserrno.o(.text) refers to rt_errno_addr_intlibspace.o(.text) for __aeabi_errno_addr
    dcmpi.o(x$fpl$dcmpinf) refers (Special) to usenofp.o(x$fpl$usenofp) for __I$use$fp
    dnaninf.o(x$fpl$dnaninf) refers (Special) to usenofp.o(x$fpl$usenofp) for __I$use$fp
    dretinf.o(x$fpl$dretinf) refers (Special) to usenofp.o(x$fpl$usenofp) for __I$use$fp
    dsqrt_noumaal.o(x$fpl$dsqrt) refers (Special) to usenofp.o(x$fpl$usenofp) for __I$use$fp
    dsqrt_noumaal.o(x$fpl$dsqrt) refers to dnaninf.o(x$fpl$dnaninf) for __fpl_dnaninf
    fnaninf.o(x$fpl$fnaninf) refers (Special) to usenofp.o(x$fpl$usenofp) for __I$use$fp
    fretinf.o(x$fpl$fretinf) refers (Special) to usenofp.o(x$fpl$usenofp) for __I$use$fp
    rtentry2.o(.ARM.Collect$$rtentry$$00000008) refers to boardinit2.o(.text) for _platform_post_stackheap_init
    rtentry2.o(.ARM.Collect$$rtentry$$0000000A) refers to libinit.o(.ARM.Collect$$libinit$$00000000) for __rt_lib_init
    rtentry2.o(.ARM.Collect$$rtentry$$0000000B) refers to boardinit3.o(.text) for _platform_post_lib_init
    rtentry2.o(.ARM.Collect$$rtentry$$0000000D) refers to main.o(.text) for main
    rtentry2.o(.ARM.Collect$$rtentry$$0000000D) refers to exit.o(.text) for exit
    rtentry2.o(.ARM.exidx) refers to rtentry2.o(.ARM.Collect$$rtentry$$00000001) for .ARM.Collect$$rtentry$$00000001
    rtentry2.o(.ARM.exidx) refers to rtentry2.o(.ARM.Collect$$rtentry$$00000008) for .ARM.Collect$$rtentry$$00000008
    rtentry2.o(.ARM.exidx) refers to rtentry2.o(.ARM.Collect$$rtentry$$0000000A) for .ARM.Collect$$rtentry$$0000000A
    rtentry2.o(.ARM.exidx) refers to rtentry2.o(.ARM.Collect$$rtentry$$0000000B) for .ARM.Collect$$rtentry$$0000000B
    rtentry2.o(.ARM.exidx) refers to rtentry2.o(.ARM.Collect$$rtentry$$0000000D) for .ARM.Collect$$rtentry$$0000000D
    rtentry4.o(.ARM.Collect$$rtentry$$00000004) refers to sys_stackheap_outer.o(.text) for __user_setup_stackheap
    rtentry4.o(.ARM.exidx) refers to rtentry4.o(.ARM.Collect$$rtentry$$00000004) for .ARM.Collect$$rtentry$$00000004
    rt_errno_addr.o(.text) refers to rt_errno_addr.o(.bss) for __aeabi_errno_addr_data
    rt_errno_addr_intlibspace.o(.text) refers to libspace.o(.bss) for __libspace_start
    libspace.o(.text) refers to libspace.o(.bss) for __libspace_start
    sys_stackheap_outer.o(.text) refers to libspace.o(.text) for __user_perproc_libspace
    sys_stackheap_outer.o(.text) refers to startup_lpc17xx.o(.text) for __user_initial_stackheap
    exit.o(.text) refers to rtexit.o(.ARM.Collect$$rtexit$$00000000) for __rt_exit
    libinit.o(.ARM.Collect$$libinit$$00000000) refers (Special) to libinit2.o(.ARM.Collect$$libinit$$0000002C) for __rt_lib_init_alloca_1
    libinit.o(.ARM.Collect$$libinit$$00000000) refers (Special) to libinit2.o(.ARM.Collect$$libinit$$0000002A) for __rt_lib_init_argv_1
    libinit.o(.ARM.Collect$$libinit$$00000000) refers (Special) to libinit2.o(.ARM.Collect$$libinit$$00000019) for __rt_lib_init_atexit_1
    libinit.o(.ARM.Collect$$libinit$$00000000) refers (Special) to libinit2.o(.ARM.Collect$$libinit$$0000001F) for __rt_lib_init_clock_1
    libinit.o(.ARM.Collect$$libinit$$00000000) refers (Special) to libinit2.o(.ARM.Collect$$libinit$$00000030) for __rt_lib_init_cpp_1
    libinit.o(.ARM.Collect$$libinit$$00000000) refers (Special) to libinit2.o(.ARM.Collect$$libinit$$0000002E) for __rt_lib_init_exceptions_1
    libinit.o(.ARM.Collect$$libinit$$00000000) refers (Special) to libinit2.o(.ARM.Collect$$libinit$$00000002) for __rt_lib_init_fp_1
    libinit.o(.ARM.Collect$$libinit$$00000000) refers (Special) to libinit2.o(.ARM.Collect$$libinit$$0000001D) for __rt_lib_init_fp_trap_1
    libinit.o(.ARM.Collect$$libinit$$00000000) refers (Special) to libinit2.o(.ARM.Collect$$libinit$$00000021) for __rt_lib_init_getenv_1
    libinit.o(.ARM.Collect$$libinit$$00000000) refers (Special) to libinit2.o(.ARM.Collect$$libinit$$00000008) for __rt_lib_init_heap_1
    libinit.o(.ARM.Collect$$libinit$$00000000) refers (Special) to libinit2.o(.ARM.Collect$$libinit$$0000000F) for __rt_lib_init_lc_collate_1
    libinit.o(.ARM.Collect$$libinit$$00000000) refers (Special) to libinit2.o(.ARM.Collect$$libinit$$00000011) for __rt_lib_init_lc_ctype_1
    libinit.o(.ARM.Collect$$libinit$$00000000) refers (Special) to libinit2.o(.ARM.Collect$$libinit$$00000013) for __rt_lib_init_lc_monetary_1
    libinit.o(.ARM.Collect$$libinit$$00000000) refers (Special) to libinit2.o(.ARM.Collect$$libinit$$00000015) for __rt_lib_init_lc_numeric_1
    libinit.o(.ARM.Collect$$libinit$$00000000) refers (Special) to libinit2.o(.ARM.Collect$$libinit$$00000017) for __rt_lib_init_lc_time_1
    libinit.o(.ARM.Collect$$libinit$$00000000) refers (Special) to libinit2.o(.ARM.Collect$$libinit$$0000000C) for __rt_lib_init_rand_1
    libinit.o(.ARM.Collect$$libinit$$00000000) refers (Special) to libinit2.o(.ARM.Collect$$libinit$$00000031) for __rt_lib_init_return
    libinit.o(.ARM.Collect$$libinit$$00000000) refers (Special) to libinit2.o(.ARM.Collect$$libinit$$0000001B) for __rt_lib_init_signal_1
    libinit.o(.ARM.Collect$$libinit$$00000000) refers (Special) to libinit2.o(.ARM.Collect$$libinit$$00000023) for __rt_lib_init_stdio_1
    libinit.o(.ARM.Collect$$libinit$$00000000) refers (Special) to libinit2.o(.ARM.Collect$$libinit$$0000000A) for __rt_lib_init_user_alloc_1
    rtexit.o(.ARM.Collect$$rtexit$$00000000) refers (Special) to rtexit2.o(.ARM.Collect$$rtexit$$00000004) for __rt_exit_exit
    rtexit.o(.ARM.Collect$$rtexit$$00000000) refers (Special) to rtexit2.o(.ARM.Collect$$rtexit$$00000003) for __rt_exit_ls
    rtexit.o(.ARM.Collect$$rtexit$$00000000) refers (Special) to rtexit2.o(.ARM.Collect$$rtexit$$00000002) for __rt_exit_prels_1
    rtexit.o(.ARM.exidx) refers (Special) to rtexit2.o(.ARM.Collect$$rtexit$$00000004) for __rt_exit_exit
    rtexit.o(.ARM.exidx) refers (Special) to rtexit2.o(.ARM.Collect$$rtexit$$00000003) for __rt_exit_ls
    rtexit.o(.ARM.exidx) refers (Special) to rtexit2.o(.ARM.Collect$$rtexit$$00000002) for __rt_exit_prels_1
    rtexit.o(.ARM.exidx) refers to rtexit.o(.ARM.Collect$$rtexit$$00000000) for .ARM.Collect$$rtexit$$00000000
    libinit2.o(.ARM.Collect$$libinit$$0000000E) refers to libinit2.o(.ARM.Collect$$libinit$$0000000D) for .ARM.Collect$$libinit$$0000000D
    libinit2.o(.ARM.Collect$$libinit$$00000010) refers to libinit2.o(.ARM.Collect$$libinit$$0000000D) for .ARM.Collect$$libinit$$0000000D
    libinit2.o(.ARM.Collect$$libinit$$00000012) refers to libinit2.o(.ARM.Collect$$libinit$$0000000D) for .ARM.Collect$$libinit$$0000000D
    libinit2.o(.ARM.Collect$$libinit$$00000014) refers to libinit2.o(.ARM.Collect$$libinit$$0000000D) for .ARM.Collect$$libinit$$0000000D
    libinit2.o(.ARM.Collect$$libinit$$00000016) refers to libinit2.o(.ARM.Collect$$libinit$$0000000D) for .ARM.Collect$$libinit$$0000000D
    libinit2.o(.ARM.Collect$$libinit$$00000024) refers to argv_veneer.o(.emb_text) for __ARM_argv_veneer
    libinit2.o(.ARM.Collect$$libinit$$00000025) refers to argv_veneer.o(.emb_text) for __ARM_argv_veneer
    rtexit2.o(.ARM.Collect$$rtexit$$00000003) refers to libshutdown.o(.ARM.Collect$$libshutdown$$00000000) for __rt_lib_shutdown
    rtexit2.o(.ARM.Collect$$rtexit$$00000004) refers to sys_exit.o(.text) for _sys_exit
    rtexit2.o(.ARM.exidx) refers to rtexit2.o(.ARM.Collect$$rtexit$$00000001) for .ARM.Collect$$rtexit$$00000001
    rtexit2.o(.ARM.exidx) refers to rtexit2.o(.ARM.Collect$$rtexit$$00000003) for .ARM.Collect$$rtexit$$00000003
    rtexit2.o(.ARM.exidx) refers to rtexit2.o(.ARM.Collect$$rtexit$$00000004) for .ARM.Collect$$rtexit$$00000004
    argv_veneer.o(.emb_text) refers to no_argv.o(.text) for __ARM_get_argv
    sys_exit.o(.text) refers (Special) to use_no_semi.o(.text) for __I$use$semihosting
    sys_exit.o(.text) refers (Special) to indicate_semi.o(.text) for __semihosting_library_function
    _get_argv_nomalloc.o(.text) refers (Special) to hrguard.o(.text) for __heap_region$guard
    _get_argv_nomalloc.o(.text) refers to defsig_rtmem_outer.o(.text) for __rt_SIGRTMEM
    _get_argv_nomalloc.o(.text) refers to sys_command.o(.text) for _sys_command_string
    libshutdown.o(.ARM.Collect$$libshutdown$$00000000) refers (Special) to libshutdown2.o(.ARM.Collect$$libshutdown$$00000006) for __rt_lib_shutdown_fp_trap_1
    libshutdown.o(.ARM.Collect$$libshutdown$$00000000) refers (Special) to libshutdown2.o(.ARM.Collect$$libshutdown$$0000000E) for __rt_lib_shutdown_heap_1
    libshutdown.o(.ARM.Collect$$libshutdown$$00000000) refers (Special) to libshutdown2.o(.ARM.Collect$$libshutdown$$0000000F) for __rt_lib_shutdown_return
    libshutdown.o(.ARM.Collect$$libshutdown$$00000000) refers (Special) to libshutdown2.o(.ARM.Collect$$libshutdown$$00000009) for __rt_lib_shutdown_signal_1
    libshutdown.o(.ARM.Collect$$libshutdown$$00000000) refers (Special) to libshutdown2.o(.ARM.Collect$$libshutdown$$00000003) for __rt_lib_shutdown_stdio_1
    libshutdown.o(.ARM.Collect$$libshutdown$$00000000) refers (Special) to libshutdown2.o(.ARM.Collect$$libshutdown$$0000000B) for __rt_lib_shutdown_user_alloc_1
    sys_command.o(.text) refers (Special) to use_no_semi.o(.text) for __I$use$semihosting
    sys_command.o(.text) refers (Special) to indicate_semi.o(.text) for __semihosting_library_function
    defsig_rtmem_outer.o(.text) refers to defsig_rtmem_inner.o(.text) for __rt_SIGRTMEM_inner
    defsig_rtmem_outer.o(.text) refers to defsig_exit.o(.text) for __sig_exit
    defsig_rtmem_formal.o(.text) refers to rt_raise.o(.text) for __rt_raise
    rt_raise.o(.text) refers to __raise.o(.text) for __raise
    rt_raise.o(.text) refers to sys_exit.o(.text) for _sys_exit
    defsig_exit.o(.text) refers to sys_exit.o(.text) for _sys_exit
    defsig_rtmem_inner.o(.text) refers to defsig_general.o(.text) for __default_signal_display
    __raise.o(.text) refers to defsig.o(CL$$defsig) for __default_signal_handler
    defsig_general.o(.text) refers to sys_wrch.o(.text) for _ttywrch
    sys_wrch.o(.text) refers (Special) to use_no_semi.o(.text) for __I$use$semihosting
    sys_wrch.o(.text) refers (Special) to indicate_semi.o(.text) for __semihosting_library_function
    defsig.o(CL$$defsig) refers to defsig_rtmem_inner.o(.text) for __rt_SIGRTMEM_inner
    defsig_abrt_inner.o(.text) refers to defsig_general.o(.text) for __default_signal_display
    defsig_fpe_inner.o(.text) refers to defsig_general.o(.text) for __default_signal_display
    defsig_rtred_inner.o(.text) refers to defsig_general.o(.text) for __default_signal_display
    defsig_stak_inner.o(.text) refers to defsig_general.o(.text) for __default_signal_display
    defsig_pvfn_inner.o(.text) refers to defsig_general.o(.text) for __default_signal_display
    defsig_cppl_inner.o(.text) refers to defsig_general.o(.text) for __default_signal_display
    defsig_segv_inner.o(.text) refers to defsig_general.o(.text) for __default_signal_display
    defsig_other.o(.text) refers to defsig_general.o(.text) for __default_signal_display


==============================================================================

Removing Unused input sections from the image.

    Removing system_lpc17xx.o(.rev16_text), (4 bytes).
    Removing system_lpc17xx.o(.revsh_text), (4 bytes).
    Removing main.o(.rev16_text), (4 bytes).
    Removing main.o(.revsh_text), (4 bytes).
    Removing main.o(.bss), (32 bytes).
    Removing lcd.o(.rev16_text), (4 bytes).
    Removing lcd.o(.revsh_text), (4 bytes).
    Removing lcd_touch.o(.rev16_text), (4 bytes).
    Removing lcd_touch.o(.revsh_text), (4 bytes).
    Removing i2c.o(.rev16_text), (4 bytes).
    Removing i2c.o(.revsh_text), (4 bytes).
    Removing i2c.o(.bss), (32 bytes).
    Removing uart.o(.rev16_text), (4 bytes).
    Removing uart.o(.revsh_text), (4 bytes).

14 unused section(s) (total 112 bytes) removed from the image.

==============================================================================

Image Symbol Table

    Local Symbols

    Symbol Name                              Value     Ov Type        Size  Object(Section)

    RESET                                    0x00000000   Section      204  startup_lpc17xx.o(RESET)
    ../clib/angel/boardlib.s                 0x00000000   Number         0  boardshut.o ABSOLUTE
    ../clib/angel/boardlib.s                 0x00000000   Number         0  boardinit3.o ABSOLUTE
    ../clib/angel/boardlib.s                 0x00000000   Number         0  boardinit2.o ABSOLUTE
    ../clib/angel/boardlib.s                 0x00000000   Number         0  boardinit1.o ABSOLUTE
    ../clib/angel/handlers.s                 0x00000000   Number         0  __scatter_copy.o ABSOLUTE
    ../clib/angel/handlers.s                 0x00000000   Number         0  __scatter_zi.o ABSOLUTE
    ../clib/angel/kernel.s                   0x00000000   Number         0  rtentry.o ABSOLUTE
    ../clib/angel/kernel.s                   0x00000000   Number         0  rtentry4.o ABSOLUTE
    ../clib/angel/kernel.s                   0x00000000   Number         0  rtentry2.o ABSOLUTE
    ../clib/angel/kernel.s                   0x00000000   Number         0  rtexit.o ABSOLUTE
    ../clib/angel/kernel.s                   0x00000000   Number         0  rtexit2.o ABSOLUTE
    ../clib/angel/rt.s                       0x00000000   Number         0  rt_raise.o ABSOLUTE
    ../clib/angel/rt.s                       0x00000000   Number         0  rt_errno_addr_intlibspace.o ABSOLUTE
    ../clib/angel/rt.s                       0x00000000   Number         0  rt_errno_addr.o ABSOLUTE
    ../clib/angel/scatter.s                  0x00000000   Number         0  __scatter.o ABSOLUTE
    ../clib/angel/startup.s                  0x00000000   Number         0  __main.o ABSOLUTE
    ../clib/angel/sys.s                      0x00000000   Number         0  indicate_semi.o ABSOLUTE
    ../clib/angel/sys.s                      0x00000000   Number         0  use_no_semi.o ABSOLUTE
    ../clib/angel/sys.s                      0x00000000   Number         0  libspace.o ABSOLUTE
    ../clib/angel/sys.s                      0x00000000   Number         0  sys_stackheap_outer.o ABSOLUTE
    ../clib/angel/sysapp.c                   0x00000000   Number         0  sys_exit.o ABSOLUTE
    ../clib/angel/sysapp.c                   0x00000000   Number         0  sys_wrch.o ABSOLUTE
    ../clib/angel/sysapp.c                   0x00000000   Number         0  sys_command.o ABSOLUTE
    ../clib/armsys.c                         0x00000000   Number         0  no_argv.o ABSOLUTE
    ../clib/armsys.c                         0x00000000   Number         0  _get_argv_nomalloc.o ABSOLUTE
    ../clib/armsys.c                         0x00000000   Number         0  argv_veneer.o ABSOLUTE
    ../clib/armsys.c                         0x00000000   Number         0  argv_veneer.o ABSOLUTE
    ../clib/fenv.c                           0x00000000   Number         0  _rserrno.o ABSOLUTE
    ../clib/heapalloc.c                      0x00000000   Number         0  hrguard.o ABSOLUTE
    ../clib/heapaux.c                        0x00000000   Number         0  heapauxi.o ABSOLUTE
    ../clib/libinit.s                        0x00000000   Number         0  libshutdown2.o ABSOLUTE
    ../clib/libinit.s                        0x00000000   Number         0  libinit.o ABSOLUTE
    ../clib/libinit.s                        0x00000000   Number         0  libshutdown.o ABSOLUTE
    ../clib/libinit.s                        0x00000000   Number         0  libinit2.o ABSOLUTE
    ../clib/signal.c                         0x00000000   Number         0  __raise.o ABSOLUTE
    ../clib/signal.c                         0x00000000   Number         0  defsig_rtmem_inner.o ABSOLUTE
    ../clib/signal.c                         0x00000000   Number         0  defsig_exit.o ABSOLUTE
    ../clib/signal.c                         0x00000000   Number         0  defsig_rtred_inner.o ABSOLUTE
    ../clib/signal.c                         0x00000000   Number         0  defsig_stak_inner.o ABSOLUTE
    ../clib/signal.c                         0x00000000   Number         0  defsig_rtmem_formal.o ABSOLUTE
    ../clib/signal.c                         0x00000000   Number         0  defsig_general.o ABSOLUTE
    ../clib/signal.c                         0x00000000   Number         0  defsig_pvfn_inner.o ABSOLUTE
    ../clib/signal.c                         0x00000000   Number         0  defsig_segv_inner.o ABSOLUTE
    ../clib/signal.c                         0x00000000   Number         0  defsig_other.o ABSOLUTE
    ../clib/signal.c                         0x00000000   Number         0  defsig_fpe_inner.o ABSOLUTE
    ../clib/signal.c                         0x00000000   Number         0  defsig_cppl_inner.o ABSOLUTE
    ../clib/signal.c                         0x00000000   Number         0  defsig_rtmem_outer.o ABSOLUTE
    ../clib/signal.c                         0x00000000   Number         0  defsig_abrt_inner.o ABSOLUTE
    ../clib/signal.s                         0x00000000   Number         0  defsig.o ABSOLUTE
    ../clib/stdlib.c                         0x00000000   Number         0  exit.o ABSOLUTE
    ../fplib/daddsub.s                       0x00000000   Number         0  daddsub_clz.o ABSOLUTE
    ../fplib/dcmpi.s                         0x00000000   Number         0  dcmpi.o ABSOLUTE
    ../fplib/dfixu.s                         0x00000000   Number         0  dfixu.o ABSOLUTE
    ../fplib/dflt.s                          0x00000000   Number         0  dflt_clz.o ABSOLUTE
    ../fplib/dleqf.s                         0x00000000   Number         0  dleqf.o ABSOLUTE
    ../fplib/dmul.s                          0x00000000   Number         0  dmul.o ABSOLUTE
    ../fplib/dnaninf.s                       0x00000000   Number         0  dnaninf.o ABSOLUTE
    ../fplib/dretinf.s                       0x00000000   Number         0  dretinf.o ABSOLUTE
    ../fplib/drleqf.s                        0x00000000   Number         0  drleqf.o ABSOLUTE
    ../fplib/dsqrt.s                         0x00000000   Number         0  dsqrt_noumaal.o ABSOLUTE
    ../fplib/f2d.s                           0x00000000   Number         0  f2d.o ABSOLUTE
    ../fplib/faddsub.s                       0x00000000   Number         0  faddsub_clz.o ABSOLUTE
    ../fplib/fdiv.s                          0x00000000   Number         0  fdiv.o ABSOLUTE
    ../fplib/ffix.s                          0x00000000   Number         0  ffix.o ABSOLUTE
    ../fplib/ffixu.s                         0x00000000   Number         0  ffixu.o ABSOLUTE
    ../fplib/fflt.s                          0x00000000   Number         0  fflt_clz.o ABSOLUTE
    ../fplib/fmul.s                          0x00000000   Number         0  fmul.o ABSOLUTE
    ../fplib/fnaninf.s                       0x00000000   Number         0  fnaninf.o ABSOLUTE
    ../fplib/fpinit.s                        0x00000000   Number         0  fpinit.o ABSOLUTE
    ../fplib/fretinf.s                       0x00000000   Number         0  fretinf.o ABSOLUTE
    ../fplib/usenofp.s                       0x00000000   Number         0  usenofp.o ABSOLUTE
    ../mathlib/sqrt.c                        0x00000000   Number         0  sqrt.o ABSOLUTE
    ../mathlib/sqrt.c                        0x00000000   Number         0  sqrt_x.o ABSOLUTE
    LCD_touch.C                              0x00000000   Number         0  lcd_touch.o ABSOLUTE
    LCD_touch.C                              0x00000000   Number         0  lcd_touch.o ABSOLUTE
    Lcd.c                                    0x00000000   Number         0  lcd.o ABSOLUTE
    Lcd.c                                    0x00000000   Number         0  lcd.o ABSOLUTE
    dc.s                                     0x00000000   Number         0  dc.o ABSOLUTE
    i2c.c                                    0x00000000   Number         0  i2c.o ABSOLUTE
    i2c.c                                    0x00000000   Number         0  i2c.o ABSOLUTE
    main.c                                   0x00000000   Number         0  main.o ABSOLUTE
    main.c                                   0x00000000   Number         0  main.o ABSOLUTE
    startup_LPC17xx.s                        0x00000000   Number         0  startup_lpc17xx.o ABSOLUTE
    system_LPC17xx.c                         0x00000000   Number         0  system_lpc17xx.o ABSOLUTE
    system_LPC17xx.c                         0x00000000   Number         0  system_lpc17xx.o ABSOLUTE
    uart.c                                   0x00000000   Number         0  uart.o ABSOLUTE
    uart.c                                   0x00000000   Number         0  uart.o ABSOLUTE
    !!!main                                  0x000000cc   Section        8  __main.o(!!!main)
    !!!scatter                               0x000000d4   Section       52  __scatter.o(!!!scatter)
    !!handler_copy                           0x00000108   Section       26  __scatter_copy.o(!!handler_copy)
    !!handler_zi                             0x00000124   Section       28  __scatter_zi.o(!!handler_zi)
    .ARM.Collect$$libinit$$00000000          0x00000140   Section        2  libinit.o(.ARM.Collect$$libinit$$00000000)
    .ARM.Collect$$libinit$$00000002          0x00000142   Section        0  libinit2.o(.ARM.Collect$$libinit$$00000002)
    .ARM.Collect$$libinit$$00000008          0x00000142   Section        0  libinit2.o(.ARM.Collect$$libinit$$00000008)
    .ARM.Collect$$libinit$$0000000A          0x00000142   Section        0  libinit2.o(.ARM.Collect$$libinit$$0000000A)
    .ARM.Collect$$libinit$$0000000C          0x00000142   Section        0  libinit2.o(.ARM.Collect$$libinit$$0000000C)
    .ARM.Collect$$libinit$$0000000F          0x00000142   Section        0  libinit2.o(.ARM.Collect$$libinit$$0000000F)
    .ARM.Collect$$libinit$$00000011          0x00000142   Section        0  libinit2.o(.ARM.Collect$$libinit$$00000011)
    .ARM.Collect$$libinit$$00000013          0x00000142   Section        0  libinit2.o(.ARM.Collect$$libinit$$00000013)
    .ARM.Collect$$libinit$$00000015          0x00000142   Section        0  libinit2.o(.ARM.Collect$$libinit$$00000015)
    .ARM.Collect$$libinit$$00000017          0x00000142   Section        0  libinit2.o(.ARM.Collect$$libinit$$00000017)
    .ARM.Collect$$libinit$$00000019          0x00000142   Section        0  libinit2.o(.ARM.Collect$$libinit$$00000019)
    .ARM.Collect$$libinit$$0000001B          0x00000142   Section        0  libinit2.o(.ARM.Collect$$libinit$$0000001B)
    .ARM.Collect$$libinit$$0000001D          0x00000142   Section        0  libinit2.o(.ARM.Collect$$libinit$$0000001D)
    .ARM.Collect$$libinit$$0000001F          0x00000142   Section        0  libinit2.o(.ARM.Collect$$libinit$$0000001F)
    .ARM.Collect$$libinit$$00000021          0x00000142   Section        0  libinit2.o(.ARM.Collect$$libinit$$00000021)
    .ARM.Collect$$libinit$$00000023          0x00000142   Section        0  libinit2.o(.ARM.Collect$$libinit$$00000023)
    .ARM.Collect$$libinit$$0000002A          0x00000142   Section        0  libinit2.o(.ARM.Collect$$libinit$$0000002A)
    .ARM.Collect$$libinit$$0000002C          0x00000142   Section        0  libinit2.o(.ARM.Collect$$libinit$$0000002C)
    .ARM.Collect$$libinit$$0000002E          0x00000142   Section        0  libinit2.o(.ARM.Collect$$libinit$$0000002E)
    .ARM.Collect$$libinit$$00000030          0x00000142   Section        0  libinit2.o(.ARM.Collect$$libinit$$00000030)
    .ARM.Collect$$libinit$$00000031          0x00000142   Section        2  libinit2.o(.ARM.Collect$$libinit$$00000031)
    .ARM.Collect$$libshutdown$$00000000      0x00000144   Section        2  libshutdown.o(.ARM.Collect$$libshutdown$$00000000)
    .ARM.Collect$$libshutdown$$00000003      0x00000146   Section        0  libshutdown2.o(.ARM.Collect$$libshutdown$$00000003)
    .ARM.Collect$$libshutdown$$00000006      0x00000146   Section        0  libshutdown2.o(.ARM.Collect$$libshutdown$$00000006)
    .ARM.Collect$$libshutdown$$00000009      0x00000146   Section        0  libshutdown2.o(.ARM.Collect$$libshutdown$$00000009)
    .ARM.Collect$$libshutdown$$0000000B      0x00000146   Section        0  libshutdown2.o(.ARM.Collect$$libshutdown$$0000000B)
    .ARM.Collect$$libshutdown$$0000000E      0x00000146   Section        0  libshutdown2.o(.ARM.Collect$$libshutdown$$0000000E)
    .ARM.Collect$$libshutdown$$0000000F      0x00000146   Section        2  libshutdown2.o(.ARM.Collect$$libshutdown$$0000000F)
    .ARM.Collect$$rtentry$$00000000          0x00000148   Section        0  rtentry.o(.ARM.Collect$$rtentry$$00000000)
    .ARM.Collect$$rtentry$$00000002          0x00000148   Section        0  rtentry2.o(.ARM.Collect$$rtentry$$00000002)
    .ARM.Collect$$rtentry$$00000004          0x00000148   Section        6  rtentry4.o(.ARM.Collect$$rtentry$$00000004)
    .ARM.Collect$$rtentry$$00000009          0x0000014e   Section        0  rtentry2.o(.ARM.Collect$$rtentry$$00000009)
    .ARM.Collect$$rtentry$$0000000A          0x0000014e   Section        4  rtentry2.o(.ARM.Collect$$rtentry$$0000000A)
    .ARM.Collect$$rtentry$$0000000C          0x00000152   Section        0  rtentry2.o(.ARM.Collect$$rtentry$$0000000C)
    .ARM.Collect$$rtentry$$0000000D          0x00000152   Section        8  rtentry2.o(.ARM.Collect$$rtentry$$0000000D)
    .ARM.Collect$$rtexit$$00000000           0x0000015a   Section        2  rtexit.o(.ARM.Collect$$rtexit$$00000000)
    .ARM.Collect$$rtexit$$00000002           0x0000015c   Section        0  rtexit2.o(.ARM.Collect$$rtexit$$00000002)
    .ARM.Collect$$rtexit$$00000003           0x0000015c   Section        4  rtexit2.o(.ARM.Collect$$rtexit$$00000003)
    .ARM.Collect$$rtexit$$00000004           0x00000160   Section        6  rtexit2.o(.ARM.Collect$$rtexit$$00000004)
    .emb_text                                0x00000168   Section        4  lcd.o(.emb_text)
    .text                                    0x0000016c   Section       52  startup_lpc17xx.o(.text)
    .text                                    0x000001a0   Section        0  heapauxi.o(.text)
    .text                                    0x000001a6   Section        0  _rserrno.o(.text)
    .text                                    0x000001bc   Section        8  rt_errno_addr_intlibspace.o(.text)
    .text                                    0x000001c4   Section        8  libspace.o(.text)
    .text                                    0x000001cc   Section       74  sys_stackheap_outer.o(.text)
    .text                                    0x00000216   Section        0  exit.o(.text)
    .text                                    0x00000224   Section        0  sys_exit.o(.text)
    .text                                    0x00000230   Section        2  use_no_semi.o(.text)
    .text                                    0x00000232   Section        0  indicate_semi.o(.text)
    i.sqrt                                   0x00000232   Section        0  sqrt.o(i.sqrt)
    x$fpl$dcmpinf                            0x0000027e   Section       24  dcmpi.o(x$fpl$dcmpinf)
    x$fpl$dfixu                              0x00000298   Section       90  dfixu.o(x$fpl$dfixu)
    x$fpl$fretinf                            0x000002f2   Section       10  fretinf.o(x$fpl$fretinf)
    .ARM.__at_0x02FC                         0x000002fc   Section        4  startup_lpc17xx.o(.ARM.__at_0x02FC)
    .text                                    0x00000300   Section        0  system_lpc17xx.o(.text)
    .text                                    0x0000051c   Section        0  main.o(.text)
    .text                                    0x000008e8   Section        0  lcd.o(.text)
    delay                                    0x000008e9   Thumb Code    14  lcd.o(.text)
    lcd_send                                 0x00000903   Thumb Code    72  lcd.o(.text)
    wr_cmd                                   0x0000094b   Thumb Code    44  lcd.o(.text)
    wr_dat                                   0x00000977   Thumb Code    44  lcd.o(.text)
    wr_reg                                   0x000009a3   Thumb Code    36  lcd.o(.text)
    rd_reg                                   0x000009c7   Thumb Code    38  lcd.o(.text)
    rd_dat                                   0x00001a3f   Thumb Code    98  lcd.o(.text)
    wr_dat_start                             0x00001aa1   Thumb Code    10  lcd.o(.text)
    wr_dat_stop                              0x00001aab   Thumb Code    10  lcd.o(.text)
    wr_dat_only                              0x00001ab5   Thumb Code    32  lcd.o(.text)
    .text                                    0x00001ae0   Section        0  lcd_touch.o(.text)
    NVIC_EnableIRQ                           0x0000255d   Thumb Code    24  lcd_touch.o(.text)
    .text                                    0x0000259c   Section        0  i2c.o(.text)
    .text                                    0x00002998   Section        0  uart.o(.text)
    x$fpl$dadd                               0x00002b5c   Section      336  daddsub_clz.o(x$fpl$dadd)
    _dadd1                                   0x00002b6d   Thumb Code     0  daddsub_clz.o(x$fpl$dadd)
    x$fpl$dflt                               0x00002cac   Section       46  dflt_clz.o(x$fpl$dflt)
    x$fpl$dfltu                              0x00002cda   Section       38  dflt_clz.o(x$fpl$dfltu)
    x$fpl$dleqf                              0x00002d00   Section      120  dleqf.o(x$fpl$dleqf)
    x$fpl$dmul                               0x00002d78   Section      340  dmul.o(x$fpl$dmul)
    x$fpl$dnaninf                            0x00002ecc   Section      156  dnaninf.o(x$fpl$dnaninf)
    x$fpl$dretinf                            0x00002f68   Section       12  dretinf.o(x$fpl$dretinf)
    x$fpl$drleqf                             0x00002f74   Section      108  drleqf.o(x$fpl$drleqf)
    x$fpl$drsb                               0x00002fe0   Section       22  daddsub_clz.o(x$fpl$drsb)
    x$fpl$dsqrt                              0x00002ff8   Section      460  dsqrt_noumaal.o(x$fpl$dsqrt)
    x$fpl$dsub                               0x000031c4   Section      468  daddsub_clz.o(x$fpl$dsub)
    _dsub1                                   0x000031d5   Thumb Code     0  daddsub_clz.o(x$fpl$dsub)
    x$fpl$f2d                                0x00003398   Section       86  f2d.o(x$fpl$f2d)
    x$fpl$fadd                               0x000033f0   Section      196  faddsub_clz.o(x$fpl$fadd)
    _fadd1                                   0x000033ff   Thumb Code     0  faddsub_clz.o(x$fpl$fadd)
    x$fpl$fdiv                               0x000034b4   Section      388  fdiv.o(x$fpl$fdiv)
    _fdiv1                                   0x000034b5   Thumb Code     0  fdiv.o(x$fpl$fdiv)
    x$fpl$ffix                               0x00003638   Section       54  ffix.o(x$fpl$ffix)
    x$fpl$ffixu                              0x00003670   Section       62  ffixu.o(x$fpl$ffixu)
    x$fpl$fflt                               0x000036b0   Section       48  fflt_clz.o(x$fpl$fflt)
    x$fpl$ffltu                              0x000036e0   Section       38  fflt_clz.o(x$fpl$ffltu)
    x$fpl$fmul                               0x00003708   Section      258  fmul.o(x$fpl$fmul)
    x$fpl$fnaninf                            0x0000380a   Section      140  fnaninf.o(x$fpl$fnaninf)
    x$fpl$frsb                               0x00003896   Section       20  faddsub_clz.o(x$fpl$frsb)
    x$fpl$fsub                               0x000038ac   Section      234  faddsub_clz.o(x$fpl$fsub)
    _fsub1                                   0x000038bb   Thumb Code     0  faddsub_clz.o(x$fpl$fsub)
    .constdata                               0x00003996   Section     8036  lcd.o(.constdata)
    x$fpl$usenofp                            0x00003996   Section        0  usenofp.o(x$fpl$usenofp)
    .data                                    0x10000000   Section        4  system_lpc17xx.o(.data)
    .data                                    0x10000004   Section        2  main.o(.data)
    .data                                    0x10000006   Section       12  lcd.o(.data)
    TextColor                                0x1000000a   Data           2  lcd.o(.data)
    BackColor                                0x1000000c   Data           2  lcd.o(.data)
    DeviceCode                               0x10000010   Data           2  lcd.o(.data)
    .data                                    0x10000014   Section       22  i2c.o(.data)
    .data                                    0x1000002c   Section        4  uart.o(.data)
    .bss                                     0x10000030   Section       24  lcd_touch.o(.bss)
    .bss                                     0x10000048   Section       10  uart.o(.bss)
    .bss                                     0x10000054   Section       96  libspace.o(.bss)
    HEAP                                     0x100000b8   Section        0  startup_lpc17xx.o(HEAP)
    STACK                                    0x100000b8   Section      512  startup_lpc17xx.o(STACK)
    Heap_Mem                                 0x100000b8   Data           0  startup_lpc17xx.o(HEAP)
    Stack_Mem                                0x100000b8   Data         512  startup_lpc17xx.o(STACK)
    __initial_sp                             0x100002b8   Data           0  startup_lpc17xx.o(STACK)

    Global Symbols

    Symbol Name                              Value     Ov Type        Size  Object(Section)

    BuildAttributes$$THM_ISAv4$P$D$K$B$S$PE$A:L22UL41UL21$X:L11$S22US41US21$IEEE1$IW$USESV6$~STKCKD$USESV7$~SHL$OTIME$ROPI$IEEEJ$EBA8$UX$STANDARDLIB$REQ8$PRES8$EABIv2 0x00000000   Number         0  anon$$obj.o ABSOLUTE
    __ARM_use_no_argv                        0x00000000   Number         0  main.o ABSOLUTE
    __Vectors                                0x00000000   Data           4  startup_lpc17xx.o(RESET)
    __ARM_exceptions_init                     - Undefined Weak Reference
    __alloca_initialize                       - Undefined Weak Reference
    __cpp_initialize__aeabi_                  - Undefined Weak Reference
    __cxa_finalize                            - Undefined Weak Reference
    __rt_locale                               - Undefined Weak Reference
    __sigvec_lookup                           - Undefined Weak Reference
    _atexit_init                              - Undefined Weak Reference
    _call_atexit_fns                          - Undefined Weak Reference
    _clock_init                               - Undefined Weak Reference
    _fp_trap_init                             - Undefined Weak Reference
    _fp_trap_shutdown                         - Undefined Weak Reference
    _get_lc_collate                           - Undefined Weak Reference
    _get_lc_ctype                             - Undefined Weak Reference
    _get_lc_monetary                          - Undefined Weak Reference
    _get_lc_numeric                           - Undefined Weak Reference
    _get_lc_time                              - Undefined Weak Reference
    _getenv_init                              - Undefined Weak Reference
    _handle_redirection                       - Undefined Weak Reference
    _init_alloc                               - Undefined Weak Reference
    _init_user_alloc                          - Undefined Weak Reference
    _initio                                   - Undefined Weak Reference
    _rand_init                                - Undefined Weak Reference
    _signal_finish                            - Undefined Weak Reference
    _signal_init                              - Undefined Weak Reference
    _terminate_alloc                          - Undefined Weak Reference
    _terminate_user_alloc                     - Undefined Weak Reference
    _terminateio                              - Undefined Weak Reference
    __main                                   0x000000cd   Thumb Code     8  __main.o(!!!main)
    __scatterload                            0x000000d5   Thumb Code     0  __scatter.o(!!!scatter)
    __scatterload_rt2                        0x000000d5   Thumb Code    44  __scatter.o(!!!scatter)
    __scatterload_rt2_thumb_only             0x000000d5   Thumb Code     0  __scatter.o(!!!scatter)
    __scatterload_null                       0x000000e3   Thumb Code     0  __scatter.o(!!!scatter)
    __scatterload_copy                       0x00000109   Thumb Code    26  __scatter_copy.o(!!handler_copy)
    __scatterload_zeroinit                   0x00000125   Thumb Code    28  __scatter_zi.o(!!handler_zi)
    __rt_lib_init                            0x00000141   Thumb Code     0  libinit.o(.ARM.Collect$$libinit$$00000000)
    __rt_lib_init_alloca_1                   0x00000143   Thumb Code     0  libinit2.o(.ARM.Collect$$libinit$$0000002C)
    __rt_lib_init_argv_1                     0x00000143   Thumb Code     0  libinit2.o(.ARM.Collect$$libinit$$0000002A)
    __rt_lib_init_atexit_1                   0x00000143   Thumb Code     0  libinit2.o(.ARM.Collect$$libinit$$00000019)
    __rt_lib_init_clock_1                    0x00000143   Thumb Code     0  libinit2.o(.ARM.Collect$$libinit$$0000001F)
    __rt_lib_init_cpp_1                      0x00000143   Thumb Code     0  libinit2.o(.ARM.Collect$$libinit$$00000030)
    __rt_lib_init_exceptions_1               0x00000143   Thumb Code     0  libinit2.o(.ARM.Collect$$libinit$$0000002E)
    __rt_lib_init_fp_1                       0x00000143   Thumb Code     0  libinit2.o(.ARM.Collect$$libinit$$00000002)
    __rt_lib_init_fp_trap_1                  0x00000143   Thumb Code     0  libinit2.o(.ARM.Collect$$libinit$$0000001D)
    __rt_lib_init_getenv_1                   0x00000143   Thumb Code     0  libinit2.o(.ARM.Collect$$libinit$$00000021)
    __rt_lib_init_heap_1                     0x00000143   Thumb Code     0  libinit2.o(.ARM.Collect$$libinit$$00000008)
    __rt_lib_init_lc_collate_1               0x00000143   Thumb Code     0  libinit2.o(.ARM.Collect$$libinit$$0000000F)
    __rt_lib_init_lc_ctype_1                 0x00000143   Thumb Code     0  libinit2.o(.ARM.Collect$$libinit$$00000011)
    __rt_lib_init_lc_monetary_1              0x00000143   Thumb Code     0  libinit2.o(.ARM.Collect$$libinit$$00000013)
    __rt_lib_init_lc_numeric_1               0x00000143   Thumb Code     0  libinit2.o(.ARM.Collect$$libinit$$00000015)
    __rt_lib_init_lc_time_1                  0x00000143   Thumb Code     0  libinit2.o(.ARM.Collect$$libinit$$00000017)
    __rt_lib_init_rand_1                     0x00000143   Thumb Code     0  libinit2.o(.ARM.Collect$$libinit$$0000000C)
    __rt_lib_init_return                     0x00000143   Thumb Code     0  libinit2.o(.ARM.Collect$$libinit$$00000031)
    __rt_lib_init_signal_1                   0x00000143   Thumb Code     0  libinit2.o(.ARM.Collect$$libinit$$0000001B)
    __rt_lib_init_stdio_1                    0x00000143   Thumb Code     0  libinit2.o(.ARM.Collect$$libinit$$00000023)
    __rt_lib_init_user_alloc_1               0x00000143   Thumb Code     0  libinit2.o(.ARM.Collect$$libinit$$0000000A)
    __rt_lib_shutdown                        0x00000145   Thumb Code     0  libshutdown.o(.ARM.Collect$$libshutdown$$00000000)
    __rt_lib_shutdown_fp_trap_1              0x00000147   Thumb Code     0  libshutdown2.o(.ARM.Collect$$libshutdown$$00000006)
    __rt_lib_shutdown_heap_1                 0x00000147   Thumb Code     0  libshutdown2.o(.ARM.Collect$$libshutdown$$0000000E)
    __rt_lib_shutdown_return                 0x00000147   Thumb Code     0  libshutdown2.o(.ARM.Collect$$libshutdown$$0000000F)
    __rt_lib_shutdown_signal_1               0x00000147   Thumb Code     0  libshutdown2.o(.ARM.Collect$$libshutdown$$00000009)
    __rt_lib_shutdown_stdio_1                0x00000147   Thumb Code     0  libshutdown2.o(.ARM.Collect$$libshutdown$$00000003)
    __rt_lib_shutdown_user_alloc_1           0x00000147   Thumb Code     0  libshutdown2.o(.ARM.Collect$$libshutdown$$0000000B)
    __rt_entry                               0x00000149   Thumb Code     0  rtentry.o(.ARM.Collect$$rtentry$$00000000)
    __rt_entry_presh_1                       0x00000149   Thumb Code     0  rtentry2.o(.ARM.Collect$$rtentry$$00000002)
    __rt_entry_sh                            0x00000149   Thumb Code     0  rtentry4.o(.ARM.Collect$$rtentry$$00000004)
    __rt_entry_li                            0x0000014f   Thumb Code     0  rtentry2.o(.ARM.Collect$$rtentry$$0000000A)
    __rt_entry_postsh_1                      0x0000014f   Thumb Code     0  rtentry2.o(.ARM.Collect$$rtentry$$00000009)
    __rt_entry_main                          0x00000153   Thumb Code     0  rtentry2.o(.ARM.Collect$$rtentry$$0000000D)
    __rt_entry_postli_1                      0x00000153   Thumb Code     0  rtentry2.o(.ARM.Collect$$rtentry$$0000000C)
    __rt_exit                                0x0000015b   Thumb Code     0  rtexit.o(.ARM.Collect$$rtexit$$00000000)
    __rt_exit_ls                             0x0000015d   Thumb Code     0  rtexit2.o(.ARM.Collect$$rtexit$$00000003)
    __rt_exit_prels_1                        0x0000015d   Thumb Code     0  rtexit2.o(.ARM.Collect$$rtexit$$00000002)
    __rt_exit_exit                           0x00000161   Thumb Code     0  rtexit2.o(.ARM.Collect$$rtexit$$00000004)
    wait                                     0x00000169   Thumb Code     4  lcd.o(.emb_text)
    Reset_Handler                            0x0000016d   Thumb Code     4  startup_lpc17xx.o(.text)
    NMI_Handler                              0x00000171   Thumb Code     2  startup_lpc17xx.o(.text)
    HardFault_Handler                        0x00000173   Thumb Code     2  startup_lpc17xx.o(.text)
    MemManage_Handler                        0x00000175   Thumb Code     2  startup_lpc17xx.o(.text)
    BusFault_Handler                         0x00000177   Thumb Code     2  startup_lpc17xx.o(.text)
    UsageFault_Handler                       0x00000179   Thumb Code     2  startup_lpc17xx.o(.text)
    SVC_Handler                              0x0000017b   Thumb Code     2  startup_lpc17xx.o(.text)
    DebugMon_Handler                         0x0000017d   Thumb Code     2  startup_lpc17xx.o(.text)
    PendSV_Handler                           0x0000017f   Thumb Code     2  startup_lpc17xx.o(.text)
    SysTick_Handler                          0x00000181   Thumb Code     2  startup_lpc17xx.o(.text)
    ADC_IRQHandler                           0x00000183   Thumb Code     0  startup_lpc17xx.o(.text)
    BOD_IRQHandler                           0x00000183   Thumb Code     0  startup_lpc17xx.o(.text)
    CANActivity_IRQHandler                   0x00000183   Thumb Code     0  startup_lpc17xx.o(.text)
    CAN_IRQHandler                           0x00000183   Thumb Code     0  startup_lpc17xx.o(.text)
    DMA_IRQHandler                           0x00000183   Thumb Code     0  startup_lpc17xx.o(.text)
    EINT0_IRQHandler                         0x00000183   Thumb Code     0  startup_lpc17xx.o(.text)
    EINT1_IRQHandler                         0x00000183   Thumb Code     0  startup_lpc17xx.o(.text)
    EINT2_IRQHandler                         0x00000183   Thumb Code     0  startup_lpc17xx.o(.text)
    ENET_IRQHandler                          0x00000183   Thumb Code     0  startup_lpc17xx.o(.text)
    I2C1_IRQHandler                          0x00000183   Thumb Code     0  startup_lpc17xx.o(.text)
    I2C2_IRQHandler                          0x00000183   Thumb Code     0  startup_lpc17xx.o(.text)
    I2S_IRQHandler                           0x00000183   Thumb Code     0  startup_lpc17xx.o(.text)
    MCPWM_IRQHandler                         0x00000183   Thumb Code     0  startup_lpc17xx.o(.text)
    PLL0_IRQHandler                          0x00000183   Thumb Code     0  startup_lpc17xx.o(.text)
    PLL1_IRQHandler                          0x00000183   Thumb Code     0  startup_lpc17xx.o(.text)
    PWM1_IRQHandler                          0x00000183   Thumb Code     0  startup_lpc17xx.o(.text)
    QEI_IRQHandler                           0x00000183   Thumb Code     0  startup_lpc17xx.o(.text)
    RIT_IRQHandler                           0x00000183   Thumb Code     0  startup_lpc17xx.o(.text)
    RTC_IRQHandler                           0x00000183   Thumb Code     0  startup_lpc17xx.o(.text)
    SPI_IRQHandler                           0x00000183   Thumb Code     0  startup_lpc17xx.o(.text)
    SSP0_IRQHandler                          0x00000183   Thumb Code     0  startup_lpc17xx.o(.text)
    SSP1_IRQHandler                          0x00000183   Thumb Code     0  startup_lpc17xx.o(.text)
    TIMER0_IRQHandler                        0x00000183   Thumb Code     0  startup_lpc17xx.o(.text)
    TIMER1_IRQHandler                        0x00000183   Thumb Code     0  startup_lpc17xx.o(.text)
    TIMER2_IRQHandler                        0x00000183   Thumb Code     0  startup_lpc17xx.o(.text)
    TIMER3_IRQHandler                        0x00000183   Thumb Code     0  startup_lpc17xx.o(.text)
    UART1_IRQHandler                         0x00000183   Thumb Code     0  startup_lpc17xx.o(.text)
    UART2_IRQHandler                         0x00000183   Thumb Code     0  startup_lpc17xx.o(.text)
    UART3_IRQHandler                         0x00000183   Thumb Code     0  startup_lpc17xx.o(.text)
    USBActivity_IRQHandler                   0x00000183   Thumb Code     0  startup_lpc17xx.o(.text)
    USB_IRQHandler                           0x00000183   Thumb Code     0  startup_lpc17xx.o(.text)
    WDT_IRQHandler                           0x00000183   Thumb Code     0  startup_lpc17xx.o(.text)
    __user_initial_stackheap                 0x00000185   Thumb Code     0  startup_lpc17xx.o(.text)
    __use_two_region_memory                  0x000001a1   Thumb Code     2  heapauxi.o(.text)
    __rt_heap_escrow$2region                 0x000001a3   Thumb Code     2  heapauxi.o(.text)
    __rt_heap_expand$2region                 0x000001a5   Thumb Code     2  heapauxi.o(.text)
    __read_errno                             0x000001a7   Thumb Code    10  _rserrno.o(.text)
    __set_errno                              0x000001b1   Thumb Code    12  _rserrno.o(.text)
    __aeabi_errno_addr                       0x000001bd   Thumb Code     8  rt_errno_addr_intlibspace.o(.text)
    __errno$intlibspace                      0x000001bd   Thumb Code     0  rt_errno_addr_intlibspace.o(.text)
    __rt_errno_addr$intlibspace              0x000001bd   Thumb Code     0  rt_errno_addr_intlibspace.o(.text)
    __user_libspace                          0x000001c5   Thumb Code     8  libspace.o(.text)
    __user_perproc_libspace                  0x000001c5   Thumb Code     0  libspace.o(.text)
    __user_perthread_libspace                0x000001c5   Thumb Code     0  libspace.o(.text)
    __user_setup_stackheap                   0x000001cd   Thumb Code    74  sys_stackheap_outer.o(.text)
    exit                                     0x00000217   Thumb Code    12  exit.o(.text)
    _sys_exit                                0x00000225   Thumb Code     8  sys_exit.o(.text)
    __I$use$semihosting                      0x00000231   Thumb Code     0  use_no_semi.o(.text)
    __use_no_semihosting_swi                 0x00000231   Thumb Code     2  use_no_semi.o(.text)
    __semihosting_library_function           0x00000233   Thumb Code     0  indicate_semi.o(.text)
    sqrt                                     0x00000233   Thumb Code    76  sqrt.o(i.sqrt)
    __fpl_dcmp_Inf                           0x0000027f   Thumb Code    24  dcmpi.o(x$fpl$dcmpinf)
    __aeabi_d2uiz                            0x00000299   Thumb Code     0  dfixu.o(x$fpl$dfixu)
    _dfixu                                   0x00000299   Thumb Code    90  dfixu.o(x$fpl$dfixu)
    __fpl_fretinf                            0x000002f3   Thumb Code    10  fretinf.o(x$fpl$fretinf)
    SystemInit                               0x00000301   Thumb Code   476  system_lpc17xx.o(.text)
    Load_Drow_Dialog                         0x0000051d   Thumb Code   110  main.o(.text)
    colorchange                              0x0000058b   Thumb Code    52  main.o(.text)
    delay1ms                                 0x000005bf   Thumb Code    36  main.o(.text)
    KEY_Scan                                 0x000005e3   Thumb Code    28  main.o(.text)
    main                                     0x000005ff   Thumb Code   718  main.o(.text)
    wait_delay                               0x000008f7   Thumb Code    12  lcd.o(.text)
    LCD_Init                                 0x000009ed   Thumb Code  1280  lcd.o(.text)
    LCD_WindowMax                            0x00000eed   Thumb Code    38  lcd.o(.text)
    LCD_SetCursor                            0x00000f13   Thumb Code    66  lcd.o(.text)
    LCD_Clear                                0x00000f55   Thumb Code    58  lcd.o(.text)
    LCD_PutPixel                             0x00000f8f   Thumb Code    50  lcd.o(.text)
    LCD_SetTextColor                         0x00000fc1   Thumb Code     6  lcd.o(.text)
    LCD_SetBackColor                         0x00000fc7   Thumb Code     6  lcd.o(.text)
    LCD_DrawChar                             0x00000fcd   Thumb Code   148  lcd.o(.text)
    LCD_DisplayChar                          0x00001061   Thumb Code    42  lcd.o(.text)
    LCD_DisplayString                        0x0000108b   Thumb Code    36  lcd.o(.text)
    LCD_ClearLn                              0x000010af   Thumb Code    20  lcd.o(.text)
    LCD_Bargraph                             0x000010c3   Thumb Code   150  lcd.o(.text)
    LCD_Bitmap                               0x00001159   Thumb Code   204  lcd.o(.text)
    LCD_Bmp                                  0x00001225   Thumb Code   152  lcd.o(.text)
    LCD_WriteRAM_Prepare                     0x000012bd   Thumb Code    10  lcd.o(.text)
    mypow                                    0x000012c7   Thumb Code    22  lcd.o(.text)
    LCD_DrawPoint_color                      0x000012dd   Thumb Code    50  lcd.o(.text)
    LCD_DrawPoint                            0x0000130f   Thumb Code    50  lcd.o(.text)
    LCD_DrawLine                             0x00001341   Thumb Code   176  lcd.o(.text)
    LCD_Color                                0x000013f1   Thumb Code   116  lcd.o(.text)
    EllipsePlot                              0x00001465   Thumb Code   156  lcd.o(.text)
    LCD_DrawEllipse                          0x00001501   Thumb Code   632  lcd.o(.text)
    LCD_TriangleColor                        0x00001779   Thumb Code   180  lcd.o(.text)
    LCD_DrawTriangle                         0x0000182d   Thumb Code    92  lcd.o(.text)
    LCD_DrawRectangle                        0x00001889   Thumb Code   108  lcd.o(.text)
    LCD_DrawCircle                           0x000018f5   Thumb Code   330  lcd.o(.text)
    Save_Adjdata                             0x00001ae1   Thumb Code   210  lcd_touch.o(.text)
    Get_Adjdata                              0x00001bb3   Thumb Code   250  lcd_touch.o(.text)
    delay_us                                 0x00001cad   Thumb Code    12  lcd_touch.o(.text)
    delay_ms                                 0x00001cb9   Thumb Code    22  lcd_touch.o(.text)
    ADS_Write_Byte                           0x00001ccf   Thumb Code    66  lcd_touch.o(.text)
    ADS_Read_AD                              0x00001d11   Thumb Code   112  lcd_touch.o(.text)
    ADS_Read_XY                              0x00001d81   Thumb Code   124  lcd_touch.o(.text)
    Read_ADS                                 0x00001dfd   Thumb Code    42  lcd_touch.o(.text)
    Read_ADS2                                0x00001e27   Thumb Code   212  lcd_touch.o(.text)
    Pen_Int_Set                              0x00001efb   Thumb Code    34  lcd_touch.o(.text)
    Read_TP_Once                             0x00001f1d   Thumb Code    64  lcd_touch.o(.text)
    Drow_Touch_Point                         0x00001f5d   Thumb Code    98  lcd_touch.o(.text)
    Draw_Big_Point                           0x00001fbf   Thumb Code    44  lcd_touch.o(.text)
    Convert_Pos                              0x00001feb   Thumb Code   118  lcd_touch.o(.text)
    EINTInit                                 0x00002061   Thumb Code    38  lcd_touch.o(.text)
    EINT3_IRQHandler                         0x00002087   Thumb Code    28  lcd_touch.o(.text)
    Touch_Adjust                             0x000020a3   Thumb Code  1108  lcd_touch.o(.text)
    Touch_Init                               0x000024f7   Thumb Code   102  lcd_touch.o(.text)
    Delay                                    0x0000259d   Thumb Code    36  i2c.o(.text)
    I2C0_IRQHandler                          0x000025c1   Thumb Code   514  i2c.o(.text)
    I2CInit                                  0x000027c3   Thumb Code    90  i2c.o(.text)
    I2C_WriteNByte                           0x0000281d   Thumb Code   164  i2c.o(.text)
    I2C_ReadNByte                            0x000028c1   Thumb Code   172  i2c.o(.text)
    UART0_Init                               0x00002999   Thumb Code   172  uart.o(.text)
    UART0_SendByte                           0x00002a45   Thumb Code    18  uart.o(.text)
    UART0_GetChar                            0x00002a57   Thumb Code    18  uart.o(.text)
    UART0_SendString                         0x00002a69   Thumb Code    22  uart.o(.text)
    UART0_SendChar                           0x00002a7f   Thumb Code   114  uart.o(.text)
    UART0_IRQHandler                         0x00002af1   Thumb Code    74  uart.o(.text)
    __aeabi_dadd                             0x00002b5d   Thumb Code     0  daddsub_clz.o(x$fpl$dadd)
    _dadd                                    0x00002b5d   Thumb Code   332  daddsub_clz.o(x$fpl$dadd)
    __aeabi_i2d                              0x00002cad   Thumb Code     0  dflt_clz.o(x$fpl$dflt)
    _dflt                                    0x00002cad   Thumb Code    46  dflt_clz.o(x$fpl$dflt)
    __aeabi_ui2d                             0x00002cdb   Thumb Code     0  dflt_clz.o(x$fpl$dfltu)
    _dfltu                                   0x00002cdb   Thumb Code    38  dflt_clz.o(x$fpl$dfltu)
    __aeabi_cdcmple                          0x00002d01   Thumb Code     0  dleqf.o(x$fpl$dleqf)
    _dcmple                                  0x00002d01   Thumb Code   120  dleqf.o(x$fpl$dleqf)
    __fpl_dcmple_InfNaN                      0x00002d63   Thumb Code     0  dleqf.o(x$fpl$dleqf)
    __aeabi_dmul                             0x00002d79   Thumb Code     0  dmul.o(x$fpl$dmul)
    _dmul                                    0x00002d79   Thumb Code   332  dmul.o(x$fpl$dmul)
    __fpl_dnaninf                            0x00002ecd   Thumb Code   156  dnaninf.o(x$fpl$dnaninf)
    __fpl_dretinf                            0x00002f69   Thumb Code    12  dretinf.o(x$fpl$dretinf)
    __aeabi_cdrcmple                         0x00002f75   Thumb Code     0  drleqf.o(x$fpl$drleqf)
    _drcmple                                 0x00002f75   Thumb Code   108  drleqf.o(x$fpl$drleqf)
    __aeabi_drsub                            0x00002fe1   Thumb Code     0  daddsub_clz.o(x$fpl$drsb)
    _drsb                                    0x00002fe1   Thumb Code    22  daddsub_clz.o(x$fpl$drsb)
    _dsqrt                                   0x00002ff9   Thumb Code   456  dsqrt_noumaal.o(x$fpl$dsqrt)
    __aeabi_dsub                             0x000031c5   Thumb Code     0  daddsub_clz.o(x$fpl$dsub)
    _dsub                                    0x000031c5   Thumb Code   464  daddsub_clz.o(x$fpl$dsub)
    __aeabi_f2d                              0x00003399   Thumb Code     0  f2d.o(x$fpl$f2d)
    _f2d                                     0x00003399   Thumb Code    86  f2d.o(x$fpl$f2d)
    __aeabi_fadd                             0x000033f1   Thumb Code     0  faddsub_clz.o(x$fpl$fadd)
    _fadd                                    0x000033f1   Thumb Code   196  faddsub_clz.o(x$fpl$fadd)
    __aeabi_fdiv                             0x000034b5   Thumb Code     0  fdiv.o(x$fpl$fdiv)
    _fdiv                                    0x000034b5   Thumb Code   384  fdiv.o(x$fpl$fdiv)
    __aeabi_f2iz                             0x00003639   Thumb Code     0  ffix.o(x$fpl$ffix)
    _ffix                                    0x00003639   Thumb Code    54  ffix.o(x$fpl$ffix)
    __aeabi_f2uiz                            0x00003671   Thumb Code     0  ffixu.o(x$fpl$ffixu)
    _ffixu                                   0x00003671   Thumb Code    62  ffixu.o(x$fpl$ffixu)
    __aeabi_i2f                              0x000036b1   Thumb Code     0  fflt_clz.o(x$fpl$fflt)
    _fflt                                    0x000036b1   Thumb Code    48  fflt_clz.o(x$fpl$fflt)
    __aeabi_ui2f                             0x000036e1   Thumb Code     0  fflt_clz.o(x$fpl$ffltu)
    _ffltu                                   0x000036e1   Thumb Code    38  fflt_clz.o(x$fpl$ffltu)
    __aeabi_fmul                             0x00003709   Thumb Code     0  fmul.o(x$fpl$fmul)
    _fmul                                    0x00003709   Thumb Code   258  fmul.o(x$fpl$fmul)
    __fpl_fnaninf                            0x0000380b   Thumb Code   140  fnaninf.o(x$fpl$fnaninf)
    __aeabi_frsub                            0x00003897   Thumb Code     0  faddsub_clz.o(x$fpl$frsb)
    _frsb                                    0x00003897   Thumb Code    20  faddsub_clz.o(x$fpl$frsb)
    __aeabi_fsub                             0x000038ad   Thumb Code     0  faddsub_clz.o(x$fpl$fsub)
    _fsub                                    0x000038ad   Thumb Code   234  faddsub_clz.o(x$fpl$fsub)
    Font_24x16                               0x00003996   Data        5376  lcd.o(.constdata)
    __I$use$fp                               0x00003996   Number         0  usenofp.o(x$fpl$usenofp)
    asc2_1206                                0x00004e96   Data        1140  lcd.o(.constdata)
    asc2_1608                                0x0000530a   Data        1520  lcd.o(.constdata)
    Region$$Table$$Base                      0x000058fc   Number         0  anon$$obj.o(Region$$Table)
    Region$$Table$$Limit                     0x0000591c   Number         0  anon$$obj.o(Region$$Table)
    SystemFrequency                          0x10000000   Data           4  system_lpc17xx.o(.data)
    tccolor                                  0x10000004   Data           2  main.o(.data)
    POINT_COLOR                              0x10000006   Data           2  lcd.o(.data)
    BACK_COLOR                               0x10000008   Data           2  lcd.o(.data)
    pencolor                                 0x1000000e   Data           2  lcd.o(.data)
    I2C_sla                                  0x10000014   Data           1  i2c.o(.data)
    I2C_suba                                 0x10000018   Data           4  i2c.o(.data)
    I2C_suba_num                             0x1000001c   Data           1  i2c.o(.data)
    I2C_buf                                  0x10000020   Data           4  i2c.o(.data)
    I2C_num                                  0x10000024   Data           4  i2c.o(.data)
    I2C_end                                  0x10000028   Data           1  i2c.o(.data)
    I2C_suba_en                              0x10000029   Data           1  i2c.o(.data)
    len                                      0x1000002c   Data           4  uart.o(.data)
    Pen_Point                                0x10000030   Data          24  lcd_touch.o(.bss)
    data                                     0x10000048   Data          10  uart.o(.bss)
    __libspace_start                         0x10000054   Data          96  libspace.o(.bss)
    __temporary_stack_top$libspace           0x100000b4   Data           0  libspace.o(.bss)



==============================================================================

Memory Map of the image

  Image Entry point : 0x000000cd

  Load Region LR_IROM1 (Base: 0x00000000, Size: 0x0000594c, Max: 0x00080000, ABSOLUTE)

    Execution Region ER_IROM1 (Base: 0x00000000, Size: 0x0000591c, Max: 0x00080000, ABSOLUTE)

    Base Addr    Size         Type   Attr      Idx    E Section Name        Object

    0x00000000   0x000000cc   Data   RO           49    RESET               startup_lpc17xx.o
    0x000000cc   0x00000008   Code   RO          268  * !!!main             c_w.l(__main.o)
    0x000000d4   0x00000034   Code   RO          500    !!!scatter          c_w.l(__scatter.o)
    0x00000108   0x0000001a   Code   RO          502    !!handler_copy      c_w.l(__scatter_copy.o)
    0x00000122   0x00000002   PAD
    0x00000124   0x0000001c   Code   RO          504    !!handler_zi        c_w.l(__scatter_zi.o)
    0x00000140   0x00000002   Code   RO          376    .ARM.Collect$$libinit$$00000000  c_w.l(libinit.o)
    0x00000142   0x00000000   Code   RO          380    .ARM.Collect$$libinit$$00000002  c_w.l(libinit2.o)
    0x00000142   0x00000000   Code   RO          383    .ARM.Collect$$libinit$$00000008  c_w.l(libinit2.o)
    0x00000142   0x00000000   Code   RO          385    .ARM.Collect$$libinit$$0000000A  c_w.l(libinit2.o)
    0x00000142   0x00000000   Code   RO          387    .ARM.Collect$$libinit$$0000000C  c_w.l(libinit2.o)
    0x00000142   0x00000000   Code   RO          390    .ARM.Collect$$libinit$$0000000F  c_w.l(libinit2.o)
    0x00000142   0x00000000   Code   RO          392    .ARM.Collect$$libinit$$00000011  c_w.l(libinit2.o)
    0x00000142   0x00000000   Code   RO          394    .ARM.Collect$$libinit$$00000013  c_w.l(libinit2.o)
    0x00000142   0x00000000   Code   RO          396    .ARM.Collect$$libinit$$00000015  c_w.l(libinit2.o)
    0x00000142   0x00000000   Code   RO          398    .ARM.Collect$$libinit$$00000017  c_w.l(libinit2.o)
    0x00000142   0x00000000   Code   RO          400    .ARM.Collect$$libinit$$00000019  c_w.l(libinit2.o)
    0x00000142   0x00000000   Code   RO          402    .ARM.Collect$$libinit$$0000001B  c_w.l(libinit2.o)
    0x00000142   0x00000000   Code   RO          404    .ARM.Collect$$libinit$$0000001D  c_w.l(libinit2.o)
    0x00000142   0x00000000   Code   RO          406    .ARM.Collect$$libinit$$0000001F  c_w.l(libinit2.o)
    0x00000142   0x00000000   Code   RO          408    .ARM.Collect$$libinit$$00000021  c_w.l(libinit2.o)
    0x00000142   0x00000000   Code   RO          410    .ARM.Collect$$libinit$$00000023  c_w.l(libinit2.o)
    0x00000142   0x00000000   Code   RO          414    .ARM.Collect$$libinit$$0000002A  c_w.l(libinit2.o)
    0x00000142   0x00000000   Code   RO          416    .ARM.Collect$$libinit$$0000002C  c_w.l(libinit2.o)
    0x00000142   0x00000000   Code   RO          418    .ARM.Collect$$libinit$$0000002E  c_w.l(libinit2.o)
    0x00000142   0x00000000   Code   RO          420    .ARM.Collect$$libinit$$00000030  c_w.l(libinit2.o)
    0x00000142   0x00000002   Code   RO          421    .ARM.Collect$$libinit$$00000031  c_w.l(libinit2.o)
    0x00000144   0x00000002   Code   RO          441    .ARM.Collect$$libshutdown$$00000000  c_w.l(libshutdown.o)
    0x00000146   0x00000000   Code   RO          455    .ARM.Collect$$libshutdown$$00000003  c_w.l(libshutdown2.o)
    0x00000146   0x00000000   Code   RO          458    .ARM.Collect$$libshutdown$$00000006  c_w.l(libshutdown2.o)
    0x00000146   0x00000000   Code   RO          461    .ARM.Collect$$libshutdown$$00000009  c_w.l(libshutdown2.o)
    0x00000146   0x00000000   Code   RO          463    .ARM.Collect$$libshutdown$$0000000B  c_w.l(libshutdown2.o)
    0x00000146   0x00000000   Code   RO          466    .ARM.Collect$$libshutdown$$0000000E  c_w.l(libshutdown2.o)
    0x00000146   0x00000002   Code   RO          467    .ARM.Collect$$libshutdown$$0000000F  c_w.l(libshutdown2.o)
    0x00000148   0x00000000   Code   RO          328    .ARM.Collect$$rtentry$$00000000  c_w.l(rtentry.o)
    0x00000148   0x00000000   Code   RO          345    .ARM.Collect$$rtentry$$00000002  c_w.l(rtentry2.o)
    0x00000148   0x00000006   Code   RO          357    .ARM.Collect$$rtentry$$00000004  c_w.l(rtentry4.o)
    0x0000014e   0x00000000   Code   RO          347    .ARM.Collect$$rtentry$$00000009  c_w.l(rtentry2.o)
    0x0000014e   0x00000004   Code   RO          348    .ARM.Collect$$rtentry$$0000000A  c_w.l(rtentry2.o)
    0x00000152   0x00000000   Code   RO          350    .ARM.Collect$$rtentry$$0000000C  c_w.l(rtentry2.o)
    0x00000152   0x00000008   Code   RO          351    .ARM.Collect$$rtentry$$0000000D  c_w.l(rtentry2.o)
    0x0000015a   0x00000002   Code   RO          377    .ARM.Collect$$rtexit$$00000000  c_w.l(rtexit.o)
    0x0000015c   0x00000000   Code   RO          423    .ARM.Collect$$rtexit$$00000002  c_w.l(rtexit2.o)
    0x0000015c   0x00000004   Code   RO          424    .ARM.Collect$$rtexit$$00000003  c_w.l(rtexit2.o)
    0x00000160   0x00000006   Code   RO          425    .ARM.Collect$$rtexit$$00000004  c_w.l(rtexit2.o)
    0x00000166   0x00000002   PAD
    0x00000168   0x00000004   Code   RO          114    .emb_text           lcd.o
    0x0000016c   0x00000034   Code   RO           51    .text               startup_lpc17xx.o
    0x000001a0   0x00000006   Code   RO          266    .text               c_w.l(heapauxi.o)
    0x000001a6   0x00000016   Code   RO          329    .text               c_w.l(_rserrno.o)
    0x000001bc   0x00000008   Code   RO          362    .text               c_w.l(rt_errno_addr_intlibspace.o)
    0x000001c4   0x00000008   Code   RO          364    .text               c_w.l(libspace.o)
    0x000001cc   0x0000004a   Code   RO          367    .text               c_w.l(sys_stackheap_outer.o)
    0x00000216   0x0000000c   Code   RO          369    .text               c_w.l(exit.o)
    0x00000222   0x00000002   PAD
    0x00000224   0x0000000c   Code   RO          433    .text               c_w.l(sys_exit.o)
    0x00000230   0x00000002   Code   RO          444    .text               c_w.l(use_no_semi.o)
    0x00000232   0x00000000   Code   RO          446    .text               c_w.l(indicate_semi.o)
    0x00000232   0x0000004c   Code   RO          321    i.sqrt              m_ws.l(sqrt.o)
    0x0000027e   0x00000018   Code   RO          331    x$fpl$dcmpinf       fz_ws.l(dcmpi.o)
    0x00000296   0x00000002   PAD
    0x00000298   0x0000005a   Code   RO          276    x$fpl$dfixu         fz_ws.l(dfixu.o)
    0x000002f2   0x0000000a   Code   RO          341    x$fpl$fretinf       fz_ws.l(fretinf.o)
    0x000002fc   0x00000004   Code   RO           50    .ARM.__at_0x02FC    startup_lpc17xx.o
    0x00000300   0x0000021c   Code   RO            3    .text               system_lpc17xx.o
    0x0000051c   0x000003cc   Code   RO           59    .text               main.o
    0x000008e8   0x000011f8   Code   RO          115    .text               lcd.o
    0x00001ae0   0x00000abc   Code   RO          156    .text               lcd_touch.o
    0x0000259c   0x000003fc   Code   RO          203    .text               i2c.o
    0x00002998   0x000001c4   Code   RO          231    .text               uart.o
    0x00002b5c   0x00000150   Code   RO          270    x$fpl$dadd          fz_ws.l(daddsub_clz.o)
    0x00002cac   0x0000002e   Code   RO          281    x$fpl$dflt          fz_ws.l(dflt_clz.o)
    0x00002cda   0x00000026   Code   RO          280    x$fpl$dfltu         fz_ws.l(dflt_clz.o)
    0x00002d00   0x00000078   Code   RO          286    x$fpl$dleqf         fz_ws.l(dleqf.o)
    0x00002d78   0x00000154   Code   RO          288    x$fpl$dmul          fz_ws.l(dmul.o)
    0x00002ecc   0x0000009c   Code   RO          333    x$fpl$dnaninf       fz_ws.l(dnaninf.o)
    0x00002f68   0x0000000c   Code   RO          335    x$fpl$dretinf       fz_ws.l(dretinf.o)
    0x00002f74   0x0000006c   Code   RO          290    x$fpl$drleqf        fz_ws.l(drleqf.o)
    0x00002fe0   0x00000016   Code   RO          271    x$fpl$drsb          fz_ws.l(daddsub_clz.o)
    0x00002ff6   0x00000002   PAD
    0x00002ff8   0x000001cc   Code   RO          337    x$fpl$dsqrt         fz_ws.l(dsqrt_noumaal.o)
    0x000031c4   0x000001d4   Code   RO          272    x$fpl$dsub          fz_ws.l(daddsub_clz.o)
    0x00003398   0x00000056   Code   RO          292    x$fpl$f2d           fz_ws.l(f2d.o)
    0x000033ee   0x00000002   PAD
    0x000033f0   0x000000c4   Code   RO          294    x$fpl$fadd          fz_ws.l(faddsub_clz.o)
    0x000034b4   0x00000184   Code   RO          301    x$fpl$fdiv          fz_ws.l(fdiv.o)
    0x00003638   0x00000036   Code   RO          304    x$fpl$ffix          fz_ws.l(ffix.o)
    0x0000366e   0x00000002   PAD
    0x00003670   0x0000003e   Code   RO          308    x$fpl$ffixu         fz_ws.l(ffixu.o)
    0x000036ae   0x00000002   PAD
    0x000036b0   0x00000030   Code   RO          313    x$fpl$fflt          fz_ws.l(fflt_clz.o)
    0x000036e0   0x00000026   Code   RO          312    x$fpl$ffltu         fz_ws.l(fflt_clz.o)
    0x00003706   0x00000002   PAD
    0x00003708   0x00000102   Code   RO          318    x$fpl$fmul          fz_ws.l(fmul.o)
    0x0000380a   0x0000008c   Code   RO          339    x$fpl$fnaninf       fz_ws.l(fnaninf.o)
    0x00003896   0x00000014   Code   RO          295    x$fpl$frsb          fz_ws.l(faddsub_clz.o)
    0x000038aa   0x00000002   PAD
    0x000038ac   0x000000ea   Code   RO          296    x$fpl$fsub          fz_ws.l(faddsub_clz.o)
    0x00003996   0x00000000   Code   RO          343    x$fpl$usenofp       fz_ws.l(usenofp.o)
    0x00003996   0x00001f64   Data   RO          116    .constdata          lcd.o
    0x000058fa   0x00000002   PAD
    0x000058fc   0x00000020   Data   RO          498    Region$$Table       anon$$obj.o


    Execution Region RW_IRAM1 (Base: 0x10000000, Size: 0x000002b8, Max: 0x00008000, ABSOLUTE)

    Base Addr    Size         Type   Attr      Idx    E Section Name        Object

    0x10000000   0x00000004   Data   RW            4    .data               system_lpc17xx.o
    0x10000004   0x00000002   Data   RW           61    .data               main.o
    0x10000006   0x0000000c   Data   RW          117    .data               lcd.o
    0x10000012   0x00000002   PAD
    0x10000014   0x00000016   Data   RW          205    .data               i2c.o
    0x1000002a   0x00000002   PAD
    0x1000002c   0x00000004   Data   RW          233    .data               uart.o
    0x10000030   0x00000018   Zero   RW          157    .bss                lcd_touch.o
    0x10000048   0x0000000a   Zero   RW          232    .bss                uart.o
    0x10000052   0x00000002   PAD
    0x10000054   0x00000060   Zero   RW          365    .bss                c_w.l(libspace.o)
    0x100000b4   0x00000004   PAD
    0x100000b8   0x00000000   Zero   RW           48    HEAP                startup_lpc17xx.o
    0x100000b8   0x00000200   Zero   RW           47    STACK               startup_lpc17xx.o


==============================================================================

Image component sizes


      Code (inc. data)   RO Data    RW Data    ZI Data      Debug   Object Name

      1020         56          0         22          0      26580   i2c.o
      4604         88       8036         12          0      29289   lcd.o
      2748        106          0          0         24      31373   lcd_touch.o
       972         46          0          2          0       3913   main.o
        56         22        204          0        512        896   startup_lpc17xx.o
       540         64          0          4          0      21627   system_lpc17xx.o
       452         34          0          4         10      25993   uart.o

    ----------------------------------------------------------------------
     10392        416       8274         48        548     139671   Object Totals
         0          0         32          0          0          0   (incl. Generated)
         0          0          2          4          2          0   (incl. Padding)

    ----------------------------------------------------------------------

      Code (inc. data)   RO Data    RW Data    ZI Data      Debug   Library Member Name

         8          0          0          0          0         68   __main.o
        52          8          0          0          0          0   __scatter.o
        26          0          0          0          0          0   __scatter_copy.o
        28          0          0          0          0          0   __scatter_zi.o
        22          0          0          0          0        100   _rserrno.o
        12          0          0          0          0         72   exit.o
         6          0          0          0          0        152   heapauxi.o
         0          0          0          0          0          0   indicate_semi.o
         2          0          0          0          0          0   libinit.o
         2          0          0          0          0          0   libinit2.o
         2          0          0          0          0          0   libshutdown.o
         2          0          0          0          0          0   libshutdown2.o
         8          4          0          0         96         68   libspace.o
         8          4          0          0          0         68   rt_errno_addr_intlibspace.o
         0          0          0          0          0          0   rtentry.o
        12          0          0          0          0          0   rtentry2.o
         6          0          0          0          0          0   rtentry4.o
         2          0          0          0          0          0   rtexit.o
        10          0          0          0          0          0   rtexit2.o
        12          4          0          0          0         68   sys_exit.o
        74          0          0          0          0         80   sys_stackheap_outer.o
         2          0          0          0          0         68   use_no_semi.o
       826         16          0          0          0        348   daddsub_clz.o
        24          0          0          0          0         68   dcmpi.o
        90          4          0          0          0         92   dfixu.o
        84          0          0          0          0        136   dflt_clz.o
       120          4          0          0          0         92   dleqf.o
       340         12          0          0          0        104   dmul.o
       156          4          0          0          0         92   dnaninf.o
        12          0          0          0          0         68   dretinf.o
       108          0          0          0          0         80   drleqf.o
       460         56          0          0          0        120   dsqrt_noumaal.o
        86          4          0          0          0         84   f2d.o
       450          8          0          0          0        236   faddsub_clz.o
       388         76          0          0          0         96   fdiv.o
        54          4          0          0          0         84   ffix.o
        62          4          0          0          0         84   ffixu.o
        86          0          0          0          0        136   fflt_clz.o
       258          4          0          0          0         84   fmul.o
       140          4          0          0          0         84   fnaninf.o
        10          0          0          0          0         68   fretinf.o
         0          0          0          0          0          0   usenofp.o
        76          0          0          0          0         84   sqrt.o

    ----------------------------------------------------------------------
      4146        220          0          0        100       2984   Library Totals
        20          0          0          0          4          0   (incl. Padding)

    ----------------------------------------------------------------------

      Code (inc. data)   RO Data    RW Data    ZI Data      Debug   Library Name

       296         20          0          0         96        744   c_w.l
      3754        200          0          0          0       2156   fz_ws.l
        76          0          0          0          0         84   m_ws.l

    ----------------------------------------------------------------------
      4146        220          0          0        100       2984   Library Totals

    ----------------------------------------------------------------------

==============================================================================


      Code (inc. data)   RO Data    RW Data    ZI Data      Debug   

     14538        636       8274         48        648     140419   Grand Totals
     14538        636       8274         48        648     140419   ELF Image Totals
     14538        636       8274         48          0          0   ROM Totals

==============================================================================

    Total RO  Size (Code + RO Data)                22812 (  22.28kB)
    Total RW  Size (RW Data + ZI Data)               696 (   0.68kB)
    Total ROM Size (Code + RO Data + RW Data)      22860 (  22.32kB)

==============================================================================

