<html>
<body>
<pre>
<h1>礦ision Build Log</h1>
<h2>Project:</h2>
C:\Users\Administrator\Desktop\图片解码项目\TEST\TEST-touch\TEST-touch.uvproj
Project File Date:  06/14/2015

<h2>Output:</h2>
Rebuild target 'Target 1'
compiling system_LPC17xx.c...
assembling startup_LPC17xx.s...
compiling main.c...
main.c(56): warning:  #940-D: missing return statement at end of non-void function "colorchange"
  }
main.c(91): warning:  #550-D: variable "key" was set but never used
    u8 key;
main.c: 2 warnings, 0 errors
compiling Lcd.c...
Lcd.c(952): warning:  #177-D: variable "y" was declared but never referenced
        u16 y;
Lcd.c: 1 warning, 0 errors
compiling LCD_touch.C...
LCD_touch.C(521): warning:  #550-D: variable "temp_data" was set but never used
        u32 temp_data;
LCD_touch.C: 1 warning, 0 errors
compiling i2c.c...
compiling uart.c...
uart.c(78): warning:  #1-D: last line of file ends without a newline
  }
uart.c: 1 warning, 0 errors
linking...
Program Size: Code=14538 RO-data=8274 RW-data=48 ZI-data=648  
FromELF: creating hex file...
".\TEST-touch.axf" - 0 Error(s), 5 Warning(s).
Load "C:\\Users\\Administrator\\Desktop\\图片解码项目\\TEST\\TEST-touch\\TEST-touch.axf" 
Set JLink Project File to "C:\Users\Administrator\Desktop\图片解码项目\TEST\TEST-touch\JLinkSettings.ini"
* JLink Info: Device "LPC1768" selected (512 KB flash, 32 KB RAM).
 
JLink info:
------------
DLL: V4.80g, compiled Feb 13 2014 20:50:02
Firmware: J-Link ARM-OB STM32 compiled Aug 22 2012 19:52:04
Hardware: V7.00
S/N : 20090928 
Feature(s) : RDI,FlashDL,FlashBP,JFlash,GDBFull 
 
* JLink Info: Found SWD-DP with ID 0x2BA01477
* JLink Info: Found Cortex-M3 r2p0, Little endian.
* JLink Info: FPUnit: 6 code (BP) slots and 2 literal slots
* JLink Info: TPIU fitted.
* JLink Info: ETM fitted.
ROMTableAddr = 0xE00FF003
 
Target info:
------------
Device: LPC1768
VTarget = 3.300V
State of Pins: 
TCK: 0, TDI: 0, TDO: 0, TMS: 0, TRES: 1, TRST: 1
Hardware-Breakpoints: 6
Software-Breakpoints: 8192
Watchpoints:          4
JTAG speed: 2000 kHz
 
Erase Done.
Programming Done.
Verify OK.
Application running ...
</pre>
</body>
</html>
